[dashboardkit.io/dashboard/index.html]
[backblue.gif]
[fade.gif]
[index.html]
[dashboardkit.io/assets/fonts/phosphor/duotone/style.css]
[dashboardkit.io/assets/fonts/tabler-icons.min.css]
[dashboardkit.io/assets/fonts/feather.css]
[dashboardkit.io/assets/fonts/fontawesome.css]
[dashboardkit.io/assets/fonts/material.css]
[dashboardkit.io/assets/css/style-preset.css]
[dashboardkit.io/assets/css/style.css]
[dashboardkit.io/dashboard/analytics.html]
[dashboardkit.io/dashboard/affiliate.html]
[dashboardkit.io/dashboard/finance.html]
[dashboardkit.io/dashboard/ecommerce.html]
[dashboardkit.io/dashboard/project.html]
[dashboardkit.io/assets/images/user/avatar-2.jpg]
[dashboardkit.io/assets/images/user/avatar-1.jpg]
[dashboardkit.io/assets/images/user/avatar-3.jpg]
[dashboardkit.io/assets/images/widget/p1.jpg]
[dashboardkit.io/assets/images/widget/p2.jpg]
[dashboardkit.io/assets/images/widget/p3.jpg]
[dashboardkit.io/assets/images/widget/p4.jpg]
[dashboardkit.io/cdn-cgi/scripts/5c5dd728/cloudflare-static/email-decode.min.js]
[dashboardkit.io/assets/js/widgets/support-chart.js]
[dashboardkit.io/assets/js/widgets/support-chart1.js]
[dashboardkit.io/assets/js/widgets/account-chart-1.js]
[dashboardkit.io/assets/js/widgets/satisfaction-chart.js]
[dashboardkit.io/assets/js/plugins/simplebar.min.js]
[dashboardkit.io/assets/js/plugins/popper.min.js]
[dashboardkit.io/assets/js/plugins/i18nextHttpBackend.min.js]
[dashboardkit.io/assets/js/plugins/i18next.min.js]
[dashboardkit.io/assets/js/pcoded.js]
[dashboardkit.io/assets/js/theme.js]
[dashboardkit.io/assets/js/plugins/apexcharts.min.js]
[dashboardkit.io/assets/js/multi-lang.js]
[dashboardkit.io/dashboard/index.html]
[dashboardkit.io/assets/js/plugins/feather.min.js]
[dashboardkit.io/assets/fonts/phosphor/duotone/Phosphor-Duotone.woff]
[dashboardkit.io/assets/fonts/phosphor/duotone/Phosphor-Duotone.ttf]
[dashboardkit.io/assets/fonts/phosphor/duotone/style.css]
[dashboardkit.io/assets/js/fonts/custom-font.js]
[dashboardkit.io/assets/js/plugins/bootstrap.min.js]
[dashboardkit.io/assets/fonts/tabler/tabler-icons.eot]
[dashboardkit.io/assets/fonts/tabler/tabler-icons.woff2]
[dashboardkit.io/assets/fonts/tabler/tabler-iconsd41d.eot]
[dashboardkit.io/assets/fonts/phosphor/duotone/Phosphor-Duotone.svg]
[dashboardkit.io/assets/fonts/tabler/tabler-icons.ttf]
[dashboardkit.io/assets/fonts/tabler-icons.min.css]
[dashboardkit.io/assets/fonts/tabler/tabler-icons.woff]
[dashboardkit.io/assets/fonts/feather/feathere8ab.eot]
[dashboardkit.io/assets/fonts/feather/feathere8ab.woff]
[dashboardkit.io/assets/fonts/feather/feathere8ab.ttf]
[dashboardkit.io/assets/fonts/feather.css]
[dashboardkit.io/assets/fonts/feather/feathere8ab.svg]
[dashboardkit.io/assets/fonts/fontawesome/fa-regular-400.eot]
[dashboardkit.io/assets/fonts/fontawesome/fa-regular-400d41d.eot]
[dashboardkit.io/assets/fonts/fontawesome/fa-regular-400.woff2]
[dashboardkit.io/assets/fonts/fontawesome/fa-regular-400.woff]
[dashboardkit.io/assets/fonts/fontawesome/fa-regular-400.ttf]
[dashboardkit.io/assets/fonts/fontawesome/fa-regular-400.svg]
[dashboardkit.io/assets/fonts/fontawesome/fa-solid-900.eot]
[dashboardkit.io/assets/fonts/fontawesome/fa-solid-900.woff2]
[dashboardkit.io/assets/fonts/fontawesome/fa-solid-900d41d.eot]
[dashboardkit.io/assets/fonts/fontawesome/fa-solid-900.woff]
[dashboardkit.io/assets/fonts/fontawesome/fa-solid-900.ttf]
[dashboardkit.io/assets/fonts/fontawesome/fa-brands-400.eot]
[dashboardkit.io/assets/fonts/fontawesome/fa-brands-400d41d.eot]
[dashboardkit.io/assets/fonts/tabler/tabler-icons.svg]
[dashboardkit.io/assets/fonts/fontawesome/fa-solid-900.svg]
[dashboardkit.io/assets/fonts/fontawesome/fa-brands-400.woff2]
[dashboardkit.io/assets/fonts/fontawesome/fa-brands-400.woff]
[dashboardkit.io/assets/fonts/fontawesome/fa-brands-400.ttf]
[dashboardkit.io/assets/fonts/fontawesome.css]
[dashboardkit.io/assets/fonts/material/material.woff2]
[dashboardkit.io/assets/fonts/material.css]
[dashboardkit.io/assets/fonts/fontawesome/fa-brands-400.svg]
[dashboardkit.io/assets/images/authentication/img-auth-bg.jpg]
[dashboardkit.io/assets/css/style.css]
[dashboardkit.io/assets/css/style-preset.css]
[dashboardkit.io/assets/js/plugins/peity-vanilla.min.js]
[dashboardkit.io/assets/js/widgets/revenue-chart-1.js]
[dashboardkit.io/assets/js/widgets/customer-chart-1.js]
[dashboardkit.io/dashboard/analytics.html]
[dashboardkit.io/assets/js/widgets/customer-chart-2.js]
[dashboardkit.io/assets/images/user/avatar-4.jpg]
[dashboardkit.io/assets/images/user/avatar-5.jpg]
[dashboardkit.io/assets/images/user/avatar-6.jpg]
[dashboardkit.io/assets/images/user/avatar-7.jpg]
[dashboardkit.io/dashboard/affiliate.html]
[dashboardkit.io/dashboard/ecommerce.html]
[dashboardkit.io/assets/images/widget/img-food.png]
[dashboardkit.io/assets/images/widget/img-travel.png]
[dashboardkit.io/assets/images/widget/img-shoping.png]
[dashboardkit.io/assets/images/widget/img-helth.png]
[dashboardkit.io/assets/images/widget/img-card-1.png]
[dashboardkit.io/assets/images/widget/img-card-2.png]
[dashboardkit.io/assets/images/widget/prod1.jpg]
[dashboardkit.io/assets/images/widget/prod2.jpg]
[dashboardkit.io/assets/images/widget/prod3.jpg]
[dashboardkit.io/dashboard/finance.html]
[dashboardkit.io/assets/js/widgets/finance.js]
[dashboardkit.io/dashboard/project.html]
[dashboardkit.io/assets/js/widgets/proj-earning.js]
[dashboardkit.io/assets/fonts/phosphor/duotone/Phosphor-Duotone.svg]
[dashboardkit.io/assets/fonts/tabler/tabler-icons.svg]
[dashboardkit.io/assets/fonts/feather/feathere8ab.svg]
[dashboardkit.io/assets/fonts/fontawesome/fa-regular-400.svg]
[dashboardkit.io/assets/fonts/fontawesome/fa-solid-900.svg]
[dashboardkit.io/assets/fonts/fontawesome/fa-brands-400.svg]
